f(12) = 144
finished computation at [date-time-removed]


